<html>
<body>
<pre>
<h1>µVision Build Log</h1>
<h2>Project:</h2>
D:\ece455\lab1_sw\lab1_sw.uvproj
Project File Date:  05/21/2015

<h2>Output:</h2>
Rebuild target 'LPC1768'
assembling startup_LPC17xx.s...
compiling GLCD_SPI_LPC1700.c...
compiling system_LPC17xx.c...
compiling main.c...
linking...
Program Size: Code=3946 RO-data=6526 RW-data=32 ZI-data=608  
"lab1_sw.axf" - 0 Error(s), 0 Warning(s).
Load "D:\\ece455\\lab1_sw\\lab1_sw.AXF" 
Erase Done.
Programming Done.
Verify OK.
